---
source: src/labels/process.rs
expression: board_to_text(board)
---
'Make sure anonymous references respect namespaces
#_
#a
#b
:_
:a
:b
#_
#a
#b
---
'Make sure namespaces don't interfere with anonymous label reuse.
'These three should match the ones above.
:_
:a
:b
---
'Make sure locals exist in separate namespaces
:do_stuff
#lock
:loop
'
:do_stuff_
:loop_
/i#if blocked rndne loop_
'
#take time 1 break
#loop
:break
#unlock
